// Jest Snapshot v1, https://goo.gl/fbAQLP

exports[`Footer Snapshot Verify UI of Footer component 1`] = `
<div
  className="Footer"
>
  <p
    className="Footer-title"
  >
    Platzi Store
  </p>
  <p
    className="Footer-copy"
  >
    Todos los Izquierdos Reservados
  </p>
</div>
`;

exports[`Footer Snapshot2 Verify UI of Footer component 1`] = `
<div
  className="Footer"
>
  <p
    className="Footer-title"
  >
    Platzi Store
  </p>
  <p
    className="Footer-copy"
  >
    Todos los Izquierdos Reservados
  </p>
</div>
`;
